// Jest Snapshot v1, https://goo.gl/fbAQLP

exports[`<NotFoundPage /> renders properly 1`] = `
<div
  className="container"
>
  <div
    className="textBox"
  >
    <a
      href="/"
      onClick={[Function]}
    >
      <img
        src="test-file-stub"
      />
    </a>
    <h1
      className="bigText"
    >
      404
    </h1>
    <h3>
      Oooops we didn't find the page you are looking for!
    </h3>
  </div>
</div>
`;
