// Jest Snapshot v1, https://goo.gl/fbAQLP

exports[`<Clock /> renders properly 1`] = `
<div
  className="container"
>
  <div
    className="time"
  >
    12:34:32
  </div>
  <div
    className="date"
  >
    Wed, 12/05/2030
  </div>
</div>
`;
