// Jest Snapshot v1, https://goo.gl/fbAQLP

exports[`<Paginator /> renders properly 1`] = `
<ul
  className="pages bar"
>
  <li>
    <a
      className="link"
      href="#/foo?page=2&size=20"
      onClick={[Function]}
    >
      <svg
        aria-hidden="true"
        className="MuiSvgIcon-root-1 icon"
        color={undefined}
        focusable="false"
        viewBox="0 0 24 24"
      >
        <path
          d="M20 11H7.83l5.59-5.59L12 4l-8 8 8 8 1.41-1.41L7.83 13H20v-2z"
        />
      </svg>
    </a>
  </li>
  <li>
    <a
      className="selected number"
      href="#/foo?page=3&size=20"
      onClick={[Function]}
    >
      3
    </a>
  </li>
  <li>
    <a
      className="number"
      href="#/foo?page=4&size=20"
      onClick={[Function]}
    >
      4
    </a>
  </li>
  <li>
    <a
      className="number"
      href="#/foo?page=5&size=20"
      onClick={[Function]}
    >
      5
    </a>
  </li>
  <li>
    <a
      className="number"
      href="#/foo?page=6&size=20"
      onClick={[Function]}
    >
      6
    </a>
  </li>
  <li>
    <a
      className="number"
      href="#/foo?page=7&size=20"
      onClick={[Function]}
    >
      7
    </a>
  </li>
  <li>
    <a
      className="number"
      href="#/foo?page=8&size=20"
      onClick={[Function]}
    >
      8
    </a>
  </li>
  <li>
    <a
      className="link"
      href="#/foo?page=4&size=20"
      onClick={[Function]}
    >
      <svg
        aria-hidden="true"
        className="MuiSvgIcon-root-1 icon"
        color={undefined}
        focusable="false"
        viewBox="0 0 24 24"
      >
        <path
          d="M12 4l-1.41 1.41L16.17 11H4v2h12.17l-5.58 5.59L12 20l8-8z"
        />
      </svg>
    </a>
  </li>
</ul>
`;
