// Jest Snapshot v1, https://goo.gl/fbAQLP

exports[`<Title /> renders correctly 1`] = `
<div
  className="title"
>
  test
</div>
`;
