// Jest Snapshot v1, https://goo.gl/fbAQLP

exports[`<RightContainer /> renders properly 1`] = `
<div
  className="widgetsContainer"
  id="widgetsContainer"
/>
`;
